http_interactions:
- request:
    method: get
    uri: https://taxref.mnhn.fr/api/taxa/107003/sources
    body:
      encoding: ''
      string: ''
    headers:
      Accept: application/json, text/xml, application/xml, */*
  response:
    status:
      status_code: 200
      category: Success
      reason: OK
      message: 'Success: (200) OK'
    headers:
      access-control-allow-credentials: 'true'
      access-control-allow-headers: origin, content-type, accept, x-requested-with,
        destination
      access-control-allow-methods:
      - GET, HEAD, OPTIONS, POST, PUT
      - PUT, GET, POST, DELETE, OPTIONS
      access-control-allow-origin: '*'
      content-type: application/hal+json; version=1;charset=UTF-8
      date: Wed, 27 Mar 2019 12:53:33 GMT
      server: Apache
      transfer-encoding: chunked
    body:
      encoding: UTF-8
      string: '{"_embedded":{"taxonSources":[{"taxon":{"id":770669,"scientificName":"Lycopodium
        aristatum","fullNameHtml":"<i>Lycopodium aristatum</i> Willd.","referenceId":107003,"parentId":null,"referenceNameHtml":"<i>Lycopodium
        clavatum</i> L., 1753"},"sourceId":63801,"source":"Funk, V., Hollowell, T.,
        Berry, P., Kelloff, C. & Alexander, S. N. 2007.   Checklist of the Plants
        of the Guiana Shield (Venezuela: Amazonas, Bolivar, Delta Amacuro; Guyana,
        Surinam, French Guiana). <i>Contributions from the United States National
        Herbarium,</i> 55: 1-580.","page":null,"pageUrl":null,"sourceUse":"Source
        de la synonymie","_links":{"self":{"href":"https://taxref.mnhn.fr/api/taxa/taxonSources/254649"},"taxon":{"href":"https://taxref.mnhn.fr/api/taxa/770669"},"bibliographicResource":{"href":"https://taxref.mnhn.fr/api/sources/63801"},"sourceUse":{"href":"https://taxref.mnhn.fr/api/sourceUses/4"}}},{"taxon":{"id":107003,"scientificName":"Lycopodium
        clavatum","fullNameHtml":"<i>Lycopodium clavatum</i> L., 1753","referenceId":107003,"parentId":194337,"referenceNameHtml":"<i>Lycopodium
        clavatum</i> L., 1753"},"sourceId":63801,"source":"Funk, V., Hollowell, T.,
        Berry, P., Kelloff, C. & Alexander, S. N. 2007.   Checklist of the Plants
        of the Guiana Shield (Venezuela: Amazonas, Bolivar, Delta Amacuro; Guyana,
        Surinam, French Guiana). <i>Contributions from the United States National
        Herbarium,</i> 55: 1-580.","page":null,"pageUrl":null,"sourceUse":"Statut
        pour la Guyane française","_links":{"self":{"href":"https://taxref.mnhn.fr/api/taxa/taxonSources/241230"},"taxon":{"href":"https://taxref.mnhn.fr/api/taxa/107003"},"bibliographicResource":{"href":"https://taxref.mnhn.fr/api/sources/63801"},"sourceUse":{"href":"https://taxref.mnhn.fr/api/sourceUses/17"}}},{"taxon":{"id":107003,"scientificName":"Lycopodium
        clavatum","fullNameHtml":"<i>Lycopodium clavatum</i> L., 1753","referenceId":107003,"parentId":194337,"referenceNameHtml":"<i>Lycopodium
        clavatum</i> L., 1753"},"sourceId":63741,"source":"Christenhusz, M. J. M.
        2009. Index Pteridophytorum Guadalupensium or a revised checklist to the ferns
        and club mosses of Guadeloupe (French West Indies). <i>Botanical Journal of
        the Linnean Society</i>, 161(3): 213-277.","page":null,"pageUrl":null,"sourceUse":"Statut
        pour la Guadeloupe","_links":{"self":{"href":"https://taxref.mnhn.fr/api/taxa/taxonSources/375458"},"taxon":{"href":"https://taxref.mnhn.fr/api/taxa/107003"},"bibliographicResource":{"href":"https://taxref.mnhn.fr/api/sources/63741"},"sourceUse":{"href":"https://taxref.mnhn.fr/api/sourceUses/19"}}},{"taxon":{"id":107003,"scientificName":"Lycopodium
        clavatum","fullNameHtml":"<i>Lycopodium clavatum</i> L., 1753","referenceId":107003,"parentId":194337,"referenceNameHtml":"<i>Lycopodium
        clavatum</i> L., 1753"},"sourceId":23801,"source":"Morat, P., Jaffré, T.,
        Tronchet, F., Munzinger, J., Pillon, Y., Veillon, J. M. & Chalopin, M. 2012.
        Le référentiel taxonomique Florical et les caractéristiques de la flore
        vasculaire indigène de la Nouvelle-Calédonie. <i>Adansonia</i>, 34(2): 179-221.","page":null,"pageUrl":null,"sourceUse":"Statut
        pour la Nouvelle-Calédonie","_links":{"self":{"href":"https://taxref.mnhn.fr/api/taxa/taxonSources/126004"},"taxon":{"href":"https://taxref.mnhn.fr/api/taxa/107003"},"bibliographicResource":{"href":"https://taxref.mnhn.fr/api/sources/23801"},"sourceUse":{"href":"https://taxref.mnhn.fr/api/sourceUses/27"}}},{"taxon":{"id":107003,"scientificName":"Lycopodium
        clavatum","fullNameHtml":"<i>Lycopodium clavatum</i> L., 1753","referenceId":107003,"parentId":194337,"referenceNameHtml":"<i>Lycopodium
        clavatum</i> L., 1753"},"sourceId":161688,"source":"Bernard, J.-F. 2015. <em>Evaluation
        de la ptéridoflore martiniquaise</em>. Rapport 2015 DEAL Martinique - ONF.
        62 pp. + annexes.","page":null,"pageUrl":null,"sourceUse":"Statut pour la
        Martinique","_links":{"self":{"href":"https://taxref.mnhn.fr/api/taxa/taxonSources/374442"},"taxon":{"href":"https://taxref.mnhn.fr/api/taxa/107003"},"bibliographicResource":{"href":"https://taxref.mnhn.fr/api/sources/161688"},"sourceUse":{"href":"https://taxref.mnhn.fr/api/sourceUses/18"}}},{"taxon":{"id":107003,"scientificName":"Lycopodium
        clavatum","fullNameHtml":"<i>Lycopodium clavatum</i> L., 1753","referenceId":107003,"parentId":194337,"referenceNameHtml":"<i>Lycopodium
        clavatum</i> L., 1753"},"sourceId":161077,"source":"Munzinger, J., Morat,
        Ph., Jaffré, T., Gâteblé, G., Pillon, Y., Tronchet, F., Veillon, J.-M.
        & Chalopin, M. 2016. <em>FLORICAL: Checklist of the vascular indigenous flora
        of New Caledonia</em>. vers. 22.IV.2016. http://www.botanique.nc/herbier/florical","page":null,"pageUrl":null,"sourceUse":"Statut
        pour la Nouvelle-Calédonie","_links":{"self":{"href":"https://taxref.mnhn.fr/api/taxa/taxonSources/377691"},"taxon":{"href":"https://taxref.mnhn.fr/api/taxa/107003"},"bibliographicResource":{"href":"https://taxref.mnhn.fr/api/sources/161077"},"sourceUse":{"href":"https://taxref.mnhn.fr/api/sourceUses/27"}}}]},"_links":{"self":{"href":"https://taxref.mnhn.fr/api/taxa/107003/sources"}}}'
  recorded_at: 2019-03-27 12:53:34 GMT
  recorded_with: vcr/0.2.6, webmockr/0.3.4
- request:
    method: get
    uri: https://taxref.mnhn.fr/api/taxa/123456/sources
    body:
      encoding: ''
      string: ''
    headers:
      Accept: application/json, text/xml, application/xml, */*
  response:
    status:
      status_code: 200
      category: Success
      reason: OK
      message: 'Success: (200) OK'
    headers:
      access-control-allow-credentials: 'true'
      access-control-allow-headers: origin, content-type, accept, x-requested-with,
        destination
      access-control-allow-methods:
      - GET, HEAD, OPTIONS, POST, PUT
      - PUT, GET, POST, DELETE, OPTIONS
      access-control-allow-origin: '*'
      content-type: application/hal+json; version=1;charset=UTF-8
      date: Wed, 27 Mar 2019 12:53:34 GMT
      server: Apache
      transfer-encoding: chunked
    body:
      encoding: UTF-8
      string: '{"_links":{"self":{"href":"https://taxref.mnhn.fr/api/taxa/123456/sources"}}}'
  recorded_at: 2019-03-27 12:53:34 GMT
  recorded_with: vcr/0.2.6, webmockr/0.3.4
- request:
    method: get
    uri: https://taxref.mnhn.fr/api/taxa/A/sources
    body:
      encoding: ''
      string: ''
    headers:
      Accept: application/json, text/xml, application/xml, */*
  response:
    status:
      status_code: 400
      category: Client error
      reason: Bad Request
      message: 'Client error: (400) Bad Request'
    headers:
      access-control-allow-credentials: 'true'
      access-control-allow-headers: origin, content-type, accept, x-requested-with,
        destination
      access-control-allow-methods:
      - GET, HEAD, OPTIONS, POST, PUT
      - PUT, GET, POST, DELETE, OPTIONS
      access-control-allow-origin: '*'
      connection: close
      content-encoding: gzip
      content-language: fr
      content-length: '413'
      content-type: text/html;charset=utf-8
      date: Wed, 27 Mar 2019 12:53:34 GMT
      server: Apache
      vary: Accept-Encoding
    body:
      encoding: UTF-8
      string: '<html><head><title>Apache Tomcat/7.0.53 - Rapport d''''erreur</title><style><!--H1
        {font-family:Tahoma,Arial,sans-serif;color:white;background-color:#525D76;font-size:22px;}
        H2 {font-family:Tahoma,Arial,sans-serif;color:white;background-color:#525D76;font-size:16px;}
        H3 {font-family:Tahoma,Arial,sans-serif;color:white;background-color:#525D76;font-size:14px;}
        BODY {font-family:Tahoma,Arial,sans-serif;color:black;background-color:white;}
        B {font-family:Tahoma,Arial,sans-serif;color:white;background-color:#525D76;}
        P {font-family:Tahoma,Arial,sans-serif;background:white;color:black;font-size:12px;}A
        {color : black;}A.name {color : black;}HR {color : #525D76;}--></style> </head><body><h1>Etat
        HTTP 400 - </h1><HR size="1" noshade="noshade"><p><b>type</b> Rapport d''''état</p><p><b>message</b>
        <u></u></p><p><b>description</b> <u>La requête envoyée par le client était
        syntaxiquement incorrecte.</u></p><HR size="1" noshade="noshade"><h3>Apache
        Tomcat/7.0.53</h3></body></html>'
  recorded_at: 2019-03-27 12:53:34 GMT
  recorded_with: vcr/0.2.6, webmockr/0.3.4
